{
    "-profile test": {
        "content": [
            1,
            {
                "SNPEFF_DOWNLOAD": {
                    "snpeff": "5.4c"
                }
            },
            [
                "WBcel235.99",
                "WBcel235.99/WBcel235.99",
                "WBcel235.99/WBcel235.99/snpEffectPredictor.bin",
                "pipeline_info",
                "pipeline_info/downloadsnpeffcache_software_versions.yml"
            ],
            [
                "snpEffectPredictor.bin:md5,07eca39b2a3176a0292d11d6256c216d"
            ]
        ],
        "timestamp": "2026-06-11T11:14:40.779789696",
        "meta": {
            "nf-test": "0.9.5",
            "nextflow": "26.04.3"
        }
    }
}